// Jest Snapshot v1, https://goo.gl/fbAQLP

exports[`Admin > Manage > ListUsers renders ListUsers component 1`] = `
<div
  className="ui container"
>
  <table
    className="ui celled striped table"
  >
    <thead
      className=""
    >
      <tr
        className=""
      >
        <th
          className=""
        >
          Username
        </th>
        <th
          className=""
        >
          Email
        </th>
        <th
          className=""
        >
          Profiles Assigned
        </th>
        <th
          className=""
        >
          Password
        </th>
        <th
          className=""
        >
          Delete
        </th>
      </tr>
    </thead>
    <tbody
      className=""
    >
      <tr
        className="warning"
      >
        <td
          className="collapsing"
        >
          <i
            aria-hidden="true"
            className="graduation icon"
          />
           
          testUser
        </td>
        <td
          className=""
        >
          test@mytestemail.com
        </td>
        <td
          className=""
        >
          <a
            className="ui pink label"
            onClick={[Function]}
          >
             
            TESTA
          </a>
          <a
            className="ui pink label"
            onClick={[Function]}
          >
             
            TESTB
          </a>
        </td>
        <td
          className="collapsing"
        >
          <button
            className="ui green small button"
            disabled={undefined}
            id="1234567"
            onClick={[Function]}
            role="button"
            tabIndex={undefined}
          >
            Reset Password
          </button>
        </td>
        <td
          className="collapsing"
        >
          <button
            className="ui pink small disabled button"
            disabled={true}
            id="1234567"
            onClick={[Function]}
            role="button"
            tabIndex={-1}
          >
            Delete User
          </button>
        </td>
      </tr>
      <tr
        className=""
      >
        <td
          className="collapsing"
        >
          <i
            aria-hidden="true"
            className="user icon"
          />
           
          god
        </td>
        <td
          className=""
        >
          test@anotheremail.com
        </td>
        <td
          className=""
        />
        <td
          className="collapsing"
        >
          <button
            className="ui green small button"
            disabled={undefined}
            id="1234568"
            onClick={[Function]}
            role="button"
            tabIndex={undefined}
          >
            Reset Password
          </button>
        </td>
        <td
          className="collapsing"
        >
          <button
            className="ui pink small button"
            disabled={undefined}
            id="1234568"
            onClick={[Function]}
            role="button"
            tabIndex={undefined}
          >
            Delete User
          </button>
        </td>
      </tr>
    </tbody>
  </table>
</div>
`;
