// Jest Snapshot v1, https://goo.gl/fbAQLP

exports[`Loading renders spinner 1`] = `
<div>
  <div
    className="ui active transition visible dimmer"
    onClick={[Function]}
  >
    <div
      className="content"
    >
      <div
        className="center"
      >
        <div
          className="ui medium text loader"
        >
          Magic is happening...
        </div>
      </div>
    </div>
  </div>
</div>
`;
