// Jest Snapshot v1, https://goo.gl/fbAQLP

exports[`NotFound 404 component renders correctly 1`] = `
ShallowWrapper {
  "complexSelector": ComplexSelector {
    "buildPredicate": [Function],
    "childrenOfNode": [Function],
    "findWhereUnwrapped": [Function],
  },
  "length": 1,
  "node": <div>
    <Container
        text={true}
    >
        <Header
            as="h2"
        >
            404 Page Not Found!
        </Header>
        <p>
            Oops it looks like you have ventured off-course.
        </p>
    </Container>
</div>,
  "nodes": Array [
    <div>
      <Container
            text={true}
      >
            <Header
                  as="h2"
            >
                  404 Page Not Found!
            </Header>
            <p>
                  Oops it looks like you have ventured off-course.
            </p>
      </Container>
</div>,
  ],
  "options": Object {},
  "renderer": ReactShallowRenderer {
    "_instance": ShallowComponentWrapper {
      "_calledComponentWillUnmount": false,
      "_compositeType": 2,
      "_context": Object {},
      "_currentElement": <NotFound />,
      "_debugID": 1,
      "_hostContainerInfo": null,
      "_hostParent": null,
      "_instance": StatelessComponent {
        "_reactInternalInstance": [Circular],
        "context": Object {},
        "props": Object {},
        "refs": Object {},
        "state": null,
        "updater": Object {
          "enqueueCallback": [Function],
          "enqueueCallbackInternal": [Function],
          "enqueueElementInternal": [Function],
          "enqueueForceUpdate": [Function],
          "enqueueReplaceState": [Function],
          "enqueueSetState": [Function],
          "isMounted": [Function],
          "validateCallback": [Function],
        },
      },
      "_mountOrder": 1,
      "_pendingCallbacks": null,
      "_pendingElement": null,
      "_pendingForceUpdate": false,
      "_pendingReplaceState": false,
      "_pendingStateQueue": null,
      "_renderedComponent": NoopInternalComponent {
        "_currentElement": <div>
          <Container
                    text={true}
          >
                    <Header
                              as="h2"
                    >
                              404 Page Not Found!
                    </Header>
                    <p>
                              Oops it looks like you have ventured off-course.
                    </p>
          </Container>
</div>,
        "_debugID": 2,
        "_renderedOutput": <div>
          <Container
                    text={true}
          >
                    <Header
                              as="h2"
                    >
                              404 Page Not Found!
                    </Header>
                    <p>
                              Oops it looks like you have ventured off-course.
                    </p>
          </Container>
</div>,
      },
      "_renderedNodeType": 0,
      "_rootNodeID": 0,
      "_topLevelWrapper": null,
      "_updateBatchNumber": null,
      "_warnedAboutRefsInRender": false,
    },
    "getRenderOutput": [Function],
    "render": [Function],
  },
  "root": [Circular],
  "unrendered": <NotFound />,
}
`;
