// Jest Snapshot v1, https://goo.gl/fbAQLP

exports[`renders correctly 1`] = `
<div
  className="List main content-body"
>
  <div
    className="ui container"
  >
    <h1
      className="ui header"
    >
      Select Profile(s) to access
    </h1>
    <p>
      This sets the profiles available for you to access, the dropdown provides all possible profiles you have access to. All projects are assigned to a profile, so if you do not select the correct profiles you may not see what you are expecting.
    </p>
    <form
      action={undefined}
      className="ui form"
      onSubmit={[Function]}
    >
      <div
        aria-busy={undefined}
        aria-disabled={undefined}
        aria-expanded={false}
        className="ui fluid multiple search selection dropdown"
        onBlur={[Function]}
        onChange={[Function]}
        onClick={[Function]}
        onFocus={[Function]}
        onMouseDown={[Function]}
        role="combobox"
        tabIndex={undefined}
      >
        <a
          className="ui label"
          onClick={[Function]}
          value="TESTA"
        >
          TESTA
          <i
            aria-hidden="true"
            className="delete icon"
            onClick={[Function]}
          />
        </a>
        <a
          className="ui label"
          onClick={[Function]}
          value="TESTB"
        >
          TESTB
          <i
            aria-hidden="true"
            className="delete icon"
            onClick={[Function]}
          />
        </a>
        <a
          className="ui label"
          onClick={[Function]}
          value="TESTC"
        >
          TESTC
          <i
            aria-hidden="true"
            className="delete icon"
            onClick={[Function]}
          />
        </a>
        <input
          aria-autocomplete="list"
          autoComplete="off"
          className="search"
          onChange={[Function]}
          style={
            Object {
              "width": undefined,
            }
          }
          tabIndex={0}
          type="text"
          value=""
        />
        <span
          className="sizer"
        />
        <div
          aria-live="polite"
          className="text"
          role="alert"
        />
        <i
          aria-hidden="true"
          className="dropdown icon"
          onClick={[Function]}
        />
        <div
          aria-multiselectable={true}
          className="menu transition"
          role="listbox"
        >
          <div
            className="message"
          >
            No results found.
          </div>
        </div>
      </div>
      <hr />
      <button
        className="ui green button"
        disabled={undefined}
        onClick={[Function]}
        role="button"
        tabIndex={undefined}
        type="submit"
      >
        Save
      </button>
    </form>
  </div>
</div>
`;
