// Jest Snapshot v1, https://goo.gl/fbAQLP

exports[`List renders list correctly 1`] = `
<div
  className="List main"
>
  <div
    className="ui container"
  >
    <h1
      className="ui header"
    >
      Avengers
    </h1>
    <table
      className="ui striped table"
    >
      <thead
        className=""
      >
        <tr
          className=""
        >
          <th
            className=""
          >
            a
          </th>
          <th
            className=""
          >
            b
          </th>
          <th
            className=""
          >
            c
          </th>
          <th
            className="right aligned"
          >
            <div
              aria-busy={undefined}
              aria-disabled={undefined}
              aria-expanded={false}
              aria-multiselectable={undefined}
              className="ui button floating labeled dropdown icon pdf"
              onBlur={[Function]}
              onChange={[Function]}
              onClick={[Function]}
              onFocus={[Function]}
              onMouseDown={[Function]}
              role="listbox"
              tabIndex={0}
            >
              <div
                aria-live="polite"
                className="text"
                role="alert"
              >
                Export PDF
              </div>
              <i
                aria-hidden="true"
                className="file pdf outline icon"
                onClick={[Function]}
              />
              <div
                className="menu transition"
              >
                <div
                  aria-checked={undefined}
                  aria-disabled={undefined}
                  aria-selected={undefined}
                  className="item"
                  id="123"
                  onClick={[Function]}
                  role="option"
                >
                  Save
                </div>
                <div
                  aria-checked={undefined}
                  aria-disabled={true}
                  aria-selected={undefined}
                  className="disabled item"
                  onClick={[Function]}
                  role="option"
                >
                  Email
                </div>
              </div>
            </div>
          </th>
        </tr>
      </thead>
      <tbody
        className=""
      >
        <tr
          className=""
        >
          <td
            className="six wide"
          >
            <div
              className="ui fluid input"
            >
              <input
                disabled={undefined}
                id="001-002"
                name="Name"
                onChange={[Function]}
                tabIndex={undefined}
                type="text"
                value="Captain America"
              />
            </div>
          </td>
          <td
            className="six wide"
          >
            <div
              className="ui fluid input"
            >
              <input
                disabled={undefined}
                id="001-002"
                name="Desc"
                onChange={[Function]}
                tabIndex={undefined}
                type="text"
                value="The first avenger"
              />
            </div>
          </td>
          <td
            className="right aligned six wide"
          >
            <button
              className="ui pink icon button"
              disabled={undefined}
              id="001-002"
              onClick={[Function]}
              role="button"
              tabIndex={undefined}
            >
              <i
                aria-hidden="true"
                className="trash icon"
              />
            </button>
          </td>
        </tr>
      </tbody>
      <tfoot
        className="full-width"
      >
        <tr
          className=""
        >
          <th
            className=""
            colSpan={4}
          >
            <button
              className="ui blue small icon left floated left labeled button"
              disabled={undefined}
              onClick={[Function]}
              role="button"
              tabIndex={undefined}
            >
              <i
                aria-hidden="true"
                className="plus icon"
              />
               Add Item
            </button>
            <button
              className="ui green small icon right floated left labeled button"
              disabled={undefined}
              onClick={[Function]}
              role="button"
              tabIndex={undefined}
            >
              <i
                aria-hidden="true"
                className="save icon"
              />
               Save
            </button>
          </th>
        </tr>
      </tfoot>
    </table>
  </div>
</div>
`;
